INFO:     Will watch for changes in these directories: ['C:\\Users\\navel\\OneDrive\\Desktop\\DL_V1\\apps\\api']
INFO:     Uvicorn running on http://127.0.0.1:8000 (Press CTRL+C to quit)
INFO:     Started reloader process [28256] using WatchFiles
INFO:     Started server process [14024]
INFO:     Waiting for application startup.
INFO:     Application startup complete.
ERROR:    Exception in ASGI application
Traceback (most recent call last):
  File "C:\Users\navel\OneDrive\Desktop\DL_V1\apps\api\.venv\Lib\site-packages\sqlalchemy\engine\base.py", line 1969, in _exec_single_context
    self.dialect.do_execute(
    ~~~~~~~~~~~~~~~~~~~~~~~^
        cursor, str_statement, effective_parameters, context
        ^^^^^^^^^^^^^^^^^^^^^^^^^^^^^^^^^^^^^^^^^^^^^^^^^^^^
    )
    ^
  File "C:\Users\navel\OneDrive\Desktop\DL_V1\apps\api\.venv\Lib\site-packages\sqlalchemy\engine\default.py", line 952, in do_execute
    cursor.execute(statement, parameters)
    ~~~~~~~~~~~~~~^^^^^^^^^^^^^^^^^^^^^^^
  File "C:\Users\navel\OneDrive\Desktop\DL_V1\apps\api\.venv\Lib\site-packages\psycopg\cursor.py", line 117, in execute
    raise ex.with_traceback(None)
psycopg.errors.UndefinedColumn: column mentors.city does not exist
LINE 1: ...pany_name, mentors.designation, mentors.location, mentors.ci...
                                                             ^

The above exception was the direct cause of the following exception:

Traceback (most recent call last):
  File "C:\Users\navel\OneDrive\Desktop\DL_V1\apps\api\.venv\Lib\site-packages\uvicorn\protocols\http\httptools_impl.py", line 422, in run_asgi
    result = await app(  # type: ignore[func-returns-value]
             ^^^^^^^^^^^^^^^^^^^^^^^^^^^^^^^^^^^^^^^^^^^^^^
        self.scope, self.receive, self.send
        ^^^^^^^^^^^^^^^^^^^^^^^^^^^^^^^^^^^
    )
    ^
  File "C:\Users\navel\OneDrive\Desktop\DL_V1\apps\api\.venv\Lib\site-packages\uvicorn\middleware\proxy_headers.py", line 63, in __call__
    return await self.app(scope, receive, send)
           ^^^^^^^^^^^^^^^^^^^^^^^^^^^^^^^^^^^^
  File "C:\Users\navel\OneDrive\Desktop\DL_V1\apps\api\.venv\Lib\site-packages\fastapi\applications.py", line 1163, in __call__
    await super().__call__(scope, receive, send)
  File "C:\Users\navel\OneDrive\Desktop\DL_V1\apps\api\.venv\Lib\site-packages\starlette\applications.py", line 96, in __call__
    await self.middleware_stack(scope, receive, send)
  File "C:\Users\navel\OneDrive\Desktop\DL_V1\apps\api\.venv\Lib\site-packages\starlette\middleware\errors.py", line 186, in __call__
    raise exc
  File "C:\Users\navel\OneDrive\Desktop\DL_V1\apps\api\.venv\Lib\site-packages\starlette\middleware\errors.py", line 164, in __call__
    await self.app(scope, receive, _send)
  File "C:\Users\navel\OneDrive\Desktop\DL_V1\apps\api\.venv\Lib\site-packages\starlette\middleware\cors.py", line 96, in __call__
    await self.simple_response(scope, receive, send, request_headers=headers)
  File "C:\Users\navel\OneDrive\Desktop\DL_V1\apps\api\.venv\Lib\site-packages\starlette\middleware\cors.py", line 154, in simple_response
    await self.app(scope, receive, send)
  File "C:\Users\navel\OneDrive\Desktop\DL_V1\apps\api\.venv\Lib\site-packages\starlette\middleware\exceptions.py", line 63, in __call__
    await wrap_app_handling_exceptions(self.app, conn)(scope, receive, send)
  File "C:\Users\navel\OneDrive\Desktop\DL_V1\apps\api\.venv\Lib\site-packages\starlette\_exception_handler.py", line 53, in wrapped_app
    raise exc
  File "C:\Users\navel\OneDrive\Desktop\DL_V1\apps\api\.venv\Lib\site-packages\starlette\_exception_handler.py", line 42, in wrapped_app
    await app(scope, receive, sender)
  File "C:\Users\navel\OneDrive\Desktop\DL_V1\apps\api\.venv\Lib\site-packages\fastapi\middleware\asyncexitstack.py", line 18, in __call__
    await self.app(scope, receive, send)
  File "C:\Users\navel\OneDrive\Desktop\DL_V1\apps\api\.venv\Lib\site-packages\starlette\routing.py", line 670, in __call__
    await self.middleware_stack(scope, receive, send)
  File "C:\Users\navel\OneDrive\Desktop\DL_V1\apps\api\.venv\Lib\site-packages\fastapi\routing.py", line 2734, in app
    await route.handle(scope, receive, send)
  File "C:\Users\navel\OneDrive\Desktop\DL_V1\apps\api\.venv\Lib\site-packages\fastapi\routing.py", line 1780, in handle
    await self.original_router.handle(scope, receive, send)
  File "C:\Users\navel\OneDrive\Desktop\DL_V1\apps\api\.venv\Lib\site-packages\fastapi\routing.py", line 2789, in handle
    await included_router._handle_selected(scope, receive, send)
  File "C:\Users\navel\OneDrive\Desktop\DL_V1\apps\api\.venv\Lib\site-packages\fastapi\routing.py", line 1791, in _handle_selected
    await route.handle(scope, receive, send)
  File "C:\Users\navel\OneDrive\Desktop\DL_V1\apps\api\.venv\Lib\site-packages\fastapi\routing.py", line 1780, in handle
    await self.original_router.handle(scope, receive, send)
  File "C:\Users\navel\OneDrive\Desktop\DL_V1\apps\api\.venv\Lib\site-packages\fastapi\routing.py", line 2789, in handle
    await included_router._handle_selected(scope, receive, send)
  File "C:\Users\navel\OneDrive\Desktop\DL_V1\apps\api\.venv\Lib\site-packages\fastapi\routing.py", line 1800, in _handle_selected
    await original_route.handle(scope, receive, send)
  File "C:\Users\navel\OneDrive\Desktop\DL_V1\apps\api\.venv\Lib\site-packages\fastapi\routing.py", line 1279, in handle
    await app(scope, receive, send)
  File "C:\Users\navel\OneDrive\Desktop\DL_V1\apps\api\.venv\Lib\site-packages\fastapi\routing.py", line 158, in app
    await wrap_app_handling_exceptions(app, request)(scope, receive, send)
  File "C:\Users\navel\OneDrive\Desktop\DL_V1\apps\api\.venv\Lib\site-packages\starlette\_exception_handler.py", line 53, in wrapped_app
    raise exc
  File "C:\Users\navel\OneDrive\Desktop\DL_V1\apps\api\.venv\Lib\site-packages\starlette\_exception_handler.py", line 42, in wrapped_app
    await app(scope, receive, sender)
  File "C:\Users\navel\OneDrive\Desktop\DL_V1\apps\api\.venv\Lib\site-packages\fastapi\routing.py", line 144, in app
    response = await f(request)
               ^^^^^^^^^^^^^^^^
  File "C:\Users\navel\OneDrive\Desktop\DL_V1\apps\api\.venv\Lib\site-packages\fastapi\routing.py", line 706, in app
    raw_response = await run_endpoint_function(
                   ^^^^^^^^^^^^^^^^^^^^^^^^^^^^
    ...<3 lines>...
    )
    ^
  File "C:\Users\navel\OneDrive\Desktop\DL_V1\apps\api\.venv\Lib\site-packages\fastapi\routing.py", line 354, in run_endpoint_function
    return await run_in_threadpool(dependant.call, **values)
           ^^^^^^^^^^^^^^^^^^^^^^^^^^^^^^^^^^^^^^^^^^^^^^^^^
  File "C:\Users\navel\OneDrive\Desktop\DL_V1\apps\api\.venv\Lib\site-packages\starlette\concurrency.py", line 34, in run_in_threadpool
    return await anyio.to_thread.run_sync(func)
           ^^^^^^^^^^^^^^^^^^^^^^^^^^^^^^^^^^^^
  File "C:\Users\navel\OneDrive\Desktop\DL_V1\apps\api\.venv\Lib\site-packages\anyio\to_thread.py", line 65, in run_sync
    return await get_async_backend().run_sync_in_worker_thread(
           ^^^^^^^^^^^^^^^^^^^^^^^^^^^^^^^^^^^^^^^^^^^^^^^^^^^^
        func, args, abandon_on_cancel=abandon_on_cancel, limiter=limiter
        ^^^^^^^^^^^^^^^^^^^^^^^^^^^^^^^^^^^^^^^^^^^^^^^^^^^^^^^^^^^^^^^^
    )
    ^
  File "C:\Users\navel\OneDrive\Desktop\DL_V1\apps\api\.venv\Lib\site-packages\anyio\_backends\_asyncio.py", line 2706, in run_sync_in_worker_thread
    return await future
           ^^^^^^^^^^^^
  File "C:\Users\navel\OneDrive\Desktop\DL_V1\apps\api\.venv\Lib\site-packages\anyio\_backends\_asyncio.py", line 1100, in run
    result = context.run(func, *args)
  File "C:\Users\navel\OneDrive\Desktop\DL_V1\apps\api\app\api\routes\mentors.py", line 38, in get_mentors
    return service.get_all(
           ~~~~~~~~~~~~~~~^
        status=status_filter,
        ^^^^^^^^^^^^^^^^^^^^^
    ...<6 lines>...
        country=country,
        ^^^^^^^^^^^^^^^^
    )
    ^
  File "C:\Users\navel\OneDrive\Desktop\DL_V1\apps\api\app\services\mentor.py", line 86, in get_all
    rows = self.mentor_repo.get_all(
        status=status,
    ...<6 lines>...
        country=country,
    )
  File "C:\Users\navel\OneDrive\Desktop\DL_V1\apps\api\app\db\repositories\mentor.py", line 75, in get_all
    rows = list(self.db.execute(statement).all())
                ~~~~~~~~~~~~~~~^^^^^^^^^^^
  File "C:\Users\navel\OneDrive\Desktop\DL_V1\apps\api\.venv\Lib\site-packages\sqlalchemy\orm\session.py", line 2373, in execute
    return self._execute_internal(
           ~~~~~~~~~~~~~~~~~~~~~~^
        statement,
        ^^^^^^^^^^
    ...<4 lines>...
        _add_event=_add_event,
        ^^^^^^^^^^^^^^^^^^^^^^
    )
    ^
  File "C:\Users\navel\OneDrive\Desktop\DL_V1\apps\api\.venv\Lib\site-packages\sqlalchemy\orm\session.py", line 2271, in _execute_internal
    result: Result[Any] = compile_state_cls.orm_execute_statement(
                          ~~~~~~~~~~~~~~~~~~~~~~~~~~~~~~~~~~~~~~~^
        self,
        ^^^^^
    ...<4 lines>...
        conn,
        ^^^^^
    )
    ^
  File "C:\Users\navel\OneDrive\Desktop\DL_V1\apps\api\.venv\Lib\site-packages\sqlalchemy\orm\context.py", line 306, in orm_execute_statement
    result = conn.execute(
        statement, params or {}, execution_options=execution_options
    )
  File "C:\Users\navel\OneDrive\Desktop\DL_V1\apps\api\.venv\Lib\site-packages\sqlalchemy\engine\base.py", line 1421, in execute
    return meth(
        self,
        distilled_parameters,
        execution_options or NO_OPTIONS,
    )
  File "C:\Users\navel\OneDrive\Desktop\DL_V1\apps\api\.venv\Lib\site-packages\sqlalchemy\sql\elements.py", line 526, in _execute_on_connection
    return connection._execute_clauseelement(
           ~~~~~~~~~~~~~~~~~~~~~~~~~~~~~~~~~^
        self, distilled_params, execution_options
        ^^^^^^^^^^^^^^^^^^^^^^^^^^^^^^^^^^^^^^^^^
    )
    ^
  File "C:\Users\navel\OneDrive\Desktop\DL_V1\apps\api\.venv\Lib\site-packages\sqlalchemy\engine\base.py", line 1643, in _execute_clauseelement
    ret = self._execute_context(
        dialect,
    ...<8 lines>...
        cache_hit=cache_hit,
    )
  File "C:\Users\navel\OneDrive\Desktop\DL_V1\apps\api\.venv\Lib\site-packages\sqlalchemy\engine\base.py", line 1848, in _execute_context
    return self._exec_single_context(
           ~~~~~~~~~~~~~~~~~~~~~~~~~^
        dialect, context, statement, parameters
        ^^^^^^^^^^^^^^^^^^^^^^^^^^^^^^^^^^^^^^^
    )
    ^
  File "C:\Users\navel\OneDrive\Desktop\DL_V1\apps\api\.venv\Lib\site-packages\sqlalchemy\engine\base.py", line 1988, in _exec_single_context
    self._handle_dbapi_exception(
    ~~~~~~~~~~~~~~~~~~~~~~~~~~~~^
        e, str_statement, effective_parameters, cursor, context
        ^^^^^^^^^^^^^^^^^^^^^^^^^^^^^^^^^^^^^^^^^^^^^^^^^^^^^^^
    )
    ^
  File "C:\Users\navel\OneDrive\Desktop\DL_V1\apps\api\.venv\Lib\site-packages\sqlalchemy\engine\base.py", line 2365, in _handle_dbapi_exception
    raise sqlalchemy_exception.with_traceback(exc_info[2]) from e
  File "C:\Users\navel\OneDrive\Desktop\DL_V1\apps\api\.venv\Lib\site-packages\sqlalchemy\engine\base.py", line 1969, in _exec_single_context
    self.dialect.do_execute(
    ~~~~~~~~~~~~~~~~~~~~~~~^
        cursor, str_statement, effective_parameters, context
        ^^^^^^^^^^^^^^^^^^^^^^^^^^^^^^^^^^^^^^^^^^^^^^^^^^^^
    )
    ^
  File "C:\Users\navel\OneDrive\Desktop\DL_V1\apps\api\.venv\Lib\site-packages\sqlalchemy\engine\default.py", line 952, in do_execute
    cursor.execute(statement, parameters)
    ~~~~~~~~~~~~~~^^^^^^^^^^^^^^^^^^^^^^^
  File "C:\Users\navel\OneDrive\Desktop\DL_V1\apps\api\.venv\Lib\site-packages\psycopg\cursor.py", line 117, in execute
    raise ex.with_traceback(None)
sqlalchemy.exc.ProgrammingError: (psycopg.errors.UndefinedColumn) column mentors.city does not exist
LINE 1: ...pany_name, mentors.designation, mentors.location, mentors.ci...
                                                             ^
[SQL: SELECT mentors.id, mentors.user_id, mentors.phone, mentors.bio, mentors.expertise, mentors.years_of_experience, mentors.company_name, mentors.designation, mentors.location, mentors.city, mentors.country, mentors.professional_headline, mentors.linkedin_url, mentors.github_url, mentors.headshot_url, mentors.industries, mentors.support_preferences, mentors.mentor_statement, mentors.status, mentors.created_at, mentors.updated_at, users.id AS id_1, users.email, users.full_name, users.role, users.status AS status_1, users.two_factor_enabled, users.two_factor_secret, users.two_factor_otp_code, users.two_factor_otp_expires_at, users.created_at AS created_at_1, users.updated_at AS updated_at_1, count(team_mentor_assignments.id) AS count_1 
FROM mentors JOIN users ON mentors.user_id = users.id LEFT OUTER JOIN team_mentor_assignments ON team_mentor_assignments.mentor_id = mentors.id AND team_mentor_assignments.status = %(status_2)s::VARCHAR GROUP BY mentors.id, users.id ORDER BY mentors.created_at DESC 
 LIMIT %(param_1)s::INTEGER OFFSET %(param_2)s::INTEGER]
[parameters: {'status_2': 'active', 'param_1': 50, 'param_2': 0}]
(Background on this error at: https://sqlalche.me/e/20/f405)
ERROR:    Exception in ASGI application
Traceback (most recent call last):
  File "C:\Users\navel\OneDrive\Desktop\DL_V1\apps\api\.venv\Lib\site-packages\sqlalchemy\engine\base.py", line 1969, in _exec_single_context
    self.dialect.do_execute(
    ~~~~~~~~~~~~~~~~~~~~~~~^
        cursor, str_statement, effective_parameters, context
        ^^^^^^^^^^^^^^^^^^^^^^^^^^^^^^^^^^^^^^^^^^^^^^^^^^^^
    )
    ^
  File "C:\Users\navel\OneDrive\Desktop\DL_V1\apps\api\.venv\Lib\site-packages\sqlalchemy\engine\default.py", line 952, in do_execute
    cursor.execute(statement, parameters)
    ~~~~~~~~~~~~~~^^^^^^^^^^^^^^^^^^^^^^^
  File "C:\Users\navel\OneDrive\Desktop\DL_V1\apps\api\.venv\Lib\site-packages\psycopg\cursor.py", line 117, in execute
    raise ex.with_traceback(None)
psycopg.errors.UndefinedColumn: column mentors.city does not exist
LINE 1: ...pany_name, mentors.designation, mentors.location, mentors.ci...
                                                             ^

The above exception was the direct cause of the following exception:

Traceback (most recent call last):
  File "C:\Users\navel\OneDrive\Desktop\DL_V1\apps\api\.venv\Lib\site-packages\uvicorn\protocols\http\httptools_impl.py", line 422, in run_asgi
    result = await app(  # type: ignore[func-returns-value]
             ^^^^^^^^^^^^^^^^^^^^^^^^^^^^^^^^^^^^^^^^^^^^^^
        self.scope, self.receive, self.send
        ^^^^^^^^^^^^^^^^^^^^^^^^^^^^^^^^^^^
    )
    ^
  File "C:\Users\navel\OneDrive\Desktop\DL_V1\apps\api\.venv\Lib\site-packages\uvicorn\middleware\proxy_headers.py", line 63, in __call__
    return await self.app(scope, receive, send)
           ^^^^^^^^^^^^^^^^^^^^^^^^^^^^^^^^^^^^
  File "C:\Users\navel\OneDrive\Desktop\DL_V1\apps\api\.venv\Lib\site-packages\fastapi\applications.py", line 1163, in __call__
    await super().__call__(scope, receive, send)
  File "C:\Users\navel\OneDrive\Desktop\DL_V1\apps\api\.venv\Lib\site-packages\starlette\applications.py", line 96, in __call__
    await self.middleware_stack(scope, receive, send)
  File "C:\Users\navel\OneDrive\Desktop\DL_V1\apps\api\.venv\Lib\site-packages\starlette\middleware\errors.py", line 186, in __call__
    raise exc
  File "C:\Users\navel\OneDrive\Desktop\DL_V1\apps\api\.venv\Lib\site-packages\starlette\middleware\errors.py", line 164, in __call__
    await self.app(scope, receive, _send)
  File "C:\Users\navel\OneDrive\Desktop\DL_V1\apps\api\.venv\Lib\site-packages\starlette\middleware\cors.py", line 96, in __call__
    await self.simple_response(scope, receive, send, request_headers=headers)
  File "C:\Users\navel\OneDrive\Desktop\DL_V1\apps\api\.venv\Lib\site-packages\starlette\middleware\cors.py", line 154, in simple_response
    await self.app(scope, receive, send)
  File "C:\Users\navel\OneDrive\Desktop\DL_V1\apps\api\.venv\Lib\site-packages\starlette\middleware\exceptions.py", line 63, in __call__
    await wrap_app_handling_exceptions(self.app, conn)(scope, receive, send)
  File "C:\Users\navel\OneDrive\Desktop\DL_V1\apps\api\.venv\Lib\site-packages\starlette\_exception_handler.py", line 53, in wrapped_app
    raise exc
  File "C:\Users\navel\OneDrive\Desktop\DL_V1\apps\api\.venv\Lib\site-packages\starlette\_exception_handler.py", line 42, in wrapped_app
    await app(scope, receive, sender)
  File "C:\Users\navel\OneDrive\Desktop\DL_V1\apps\api\.venv\Lib\site-packages\fastapi\middleware\asyncexitstack.py", line 18, in __call__
    await self.app(scope, receive, send)
  File "C:\Users\navel\OneDrive\Desktop\DL_V1\apps\api\.venv\Lib\site-packages\starlette\routing.py", line 670, in __call__
    await self.middleware_stack(scope, receive, send)
  File "C:\Users\navel\OneDrive\Desktop\DL_V1\apps\api\.venv\Lib\site-packages\fastapi\routing.py", line 2734, in app
    await route.handle(scope, receive, send)
  File "C:\Users\navel\OneDrive\Desktop\DL_V1\apps\api\.venv\Lib\site-packages\fastapi\routing.py", line 1780, in handle
    await self.original_router.handle(scope, receive, send)
  File "C:\Users\navel\OneDrive\Desktop\DL_V1\apps\api\.venv\Lib\site-packages\fastapi\routing.py", line 2789, in handle
    await included_router._handle_selected(scope, receive, send)
  File "C:\Users\navel\OneDrive\Desktop\DL_V1\apps\api\.venv\Lib\site-packages\fastapi\routing.py", line 1791, in _handle_selected
    await route.handle(scope, receive, send)
  File "C:\Users\navel\OneDrive\Desktop\DL_V1\apps\api\.venv\Lib\site-packages\fastapi\routing.py", line 1780, in handle
    await self.original_router.handle(scope, receive, send)
  File "C:\Users\navel\OneDrive\Desktop\DL_V1\apps\api\.venv\Lib\site-packages\fastapi\routing.py", line 2789, in handle
    await included_router._handle_selected(scope, receive, send)
  File "C:\Users\navel\OneDrive\Desktop\DL_V1\apps\api\.venv\Lib\site-packages\fastapi\routing.py", line 1800, in _handle_selected
    await original_route.handle(scope, receive, send)
  File "C:\Users\navel\OneDrive\Desktop\DL_V1\apps\api\.venv\Lib\site-packages\fastapi\routing.py", line 1279, in handle
    await app(scope, receive, send)
  File "C:\Users\navel\OneDrive\Desktop\DL_V1\apps\api\.venv\Lib\site-packages\fastapi\routing.py", line 158, in app
    await wrap_app_handling_exceptions(app, request)(scope, receive, send)
  File "C:\Users\navel\OneDrive\Desktop\DL_V1\apps\api\.venv\Lib\site-packages\starlette\_exception_handler.py", line 53, in wrapped_app
    raise exc
  File "C:\Users\navel\OneDrive\Desktop\DL_V1\apps\api\.venv\Lib\site-packages\starlette\_exception_handler.py", line 42, in wrapped_app
    await app(scope, receive, sender)
  File "C:\Users\navel\OneDrive\Desktop\DL_V1\apps\api\.venv\Lib\site-packages\fastapi\routing.py", line 144, in app
    response = await f(request)
               ^^^^^^^^^^^^^^^^
  File "C:\Users\navel\OneDrive\Desktop\DL_V1\apps\api\.venv\Lib\site-packages\fastapi\routing.py", line 706, in app
    raw_response = await run_endpoint_function(
                   ^^^^^^^^^^^^^^^^^^^^^^^^^^^^
    ...<3 lines>...
    )
    ^
  File "C:\Users\navel\OneDrive\Desktop\DL_V1\apps\api\.venv\Lib\site-packages\fastapi\routing.py", line 354, in run_endpoint_function
    return await run_in_threadpool(dependant.call, **values)
           ^^^^^^^^^^^^^^^^^^^^^^^^^^^^^^^^^^^^^^^^^^^^^^^^^
  File "C:\Users\navel\OneDrive\Desktop\DL_V1\apps\api\.venv\Lib\site-packages\starlette\concurrency.py", line 34, in run_in_threadpool
    return await anyio.to_thread.run_sync(func)
           ^^^^^^^^^^^^^^^^^^^^^^^^^^^^^^^^^^^^
  File "C:\Users\navel\OneDrive\Desktop\DL_V1\apps\api\.venv\Lib\site-packages\anyio\to_thread.py", line 65, in run_sync
    return await get_async_backend().run_sync_in_worker_thread(
           ^^^^^^^^^^^^^^^^^^^^^^^^^^^^^^^^^^^^^^^^^^^^^^^^^^^^
        func, args, abandon_on_cancel=abandon_on_cancel, limiter=limiter
        ^^^^^^^^^^^^^^^^^^^^^^^^^^^^^^^^^^^^^^^^^^^^^^^^^^^^^^^^^^^^^^^^
    )
    ^
  File "C:\Users\navel\OneDrive\Desktop\DL_V1\apps\api\.venv\Lib\site-packages\anyio\_backends\_asyncio.py", line 2706, in run_sync_in_worker_thread
    return await future
           ^^^^^^^^^^^^
  File "C:\Users\navel\OneDrive\Desktop\DL_V1\apps\api\.venv\Lib\site-packages\anyio\_backends\_asyncio.py", line 1100, in run
    result = context.run(func, *args)
  File "C:\Users\navel\OneDrive\Desktop\DL_V1\apps\api\app\api\routes\mentors.py", line 38, in get_mentors
    return service.get_all(
           ~~~~~~~~~~~~~~~^
        status=status_filter,
        ^^^^^^^^^^^^^^^^^^^^^
    ...<6 lines>...
        country=country,
        ^^^^^^^^^^^^^^^^
    )
    ^
  File "C:\Users\navel\OneDrive\Desktop\DL_V1\apps\api\app\services\mentor.py", line 86, in get_all
    rows = self.mentor_repo.get_all(
        status=status,
    ...<6 lines>...
        country=country,
    )
  File "C:\Users\navel\OneDrive\Desktop\DL_V1\apps\api\app\db\repositories\mentor.py", line 75, in get_all
    rows = list(self.db.execute(statement).all())
                ~~~~~~~~~~~~~~~^^^^^^^^^^^
  File "C:\Users\navel\OneDrive\Desktop\DL_V1\apps\api\.venv\Lib\site-packages\sqlalchemy\orm\session.py", line 2373, in execute
    return self._execute_internal(
           ~~~~~~~~~~~~~~~~~~~~~~^
        statement,
        ^^^^^^^^^^
    ...<4 lines>...
        _add_event=_add_event,
        ^^^^^^^^^^^^^^^^^^^^^^
    )
    ^
  File "C:\Users\navel\OneDrive\Desktop\DL_V1\apps\api\.venv\Lib\site-packages\sqlalchemy\orm\session.py", line 2271, in _execute_internal
    result: Result[Any] = compile_state_cls.orm_execute_statement(
                          ~~~~~~~~~~~~~~~~~~~~~~~~~~~~~~~~~~~~~~~^
        self,
        ^^^^^
    ...<4 lines>...
        conn,
        ^^^^^
    )
    ^
  File "C:\Users\navel\OneDrive\Desktop\DL_V1\apps\api\.venv\Lib\site-packages\sqlalchemy\orm\context.py", line 306, in orm_execute_statement
    result = conn.execute(
        statement, params or {}, execution_options=execution_options
    )
  File "C:\Users\navel\OneDrive\Desktop\DL_V1\apps\api\.venv\Lib\site-packages\sqlalchemy\engine\base.py", line 1421, in execute
    return meth(
        self,
        distilled_parameters,
        execution_options or NO_OPTIONS,
    )
  File "C:\Users\navel\OneDrive\Desktop\DL_V1\apps\api\.venv\Lib\site-packages\sqlalchemy\sql\elements.py", line 526, in _execute_on_connection
    return connection._execute_clauseelement(
           ~~~~~~~~~~~~~~~~~~~~~~~~~~~~~~~~~^
        self, distilled_params, execution_options
        ^^^^^^^^^^^^^^^^^^^^^^^^^^^^^^^^^^^^^^^^^
    )
    ^
  File "C:\Users\navel\OneDrive\Desktop\DL_V1\apps\api\.venv\Lib\site-packages\sqlalchemy\engine\base.py", line 1643, in _execute_clauseelement
    ret = self._execute_context(
        dialect,
    ...<8 lines>...
        cache_hit=cache_hit,
    )
  File "C:\Users\navel\OneDrive\Desktop\DL_V1\apps\api\.venv\Lib\site-packages\sqlalchemy\engine\base.py", line 1848, in _execute_context
    return self._exec_single_context(
           ~~~~~~~~~~~~~~~~~~~~~~~~~^
        dialect, context, statement, parameters
        ^^^^^^^^^^^^^^^^^^^^^^^^^^^^^^^^^^^^^^^
    )
    ^
  File "C:\Users\navel\OneDrive\Desktop\DL_V1\apps\api\.venv\Lib\site-packages\sqlalchemy\engine\base.py", line 1988, in _exec_single_context
    self._handle_dbapi_exception(
    ~~~~~~~~~~~~~~~~~~~~~~~~~~~~^
        e, str_statement, effective_parameters, cursor, context
        ^^^^^^^^^^^^^^^^^^^^^^^^^^^^^^^^^^^^^^^^^^^^^^^^^^^^^^^
    )
    ^
  File "C:\Users\navel\OneDrive\Desktop\DL_V1\apps\api\.venv\Lib\site-packages\sqlalchemy\engine\base.py", line 2365, in _handle_dbapi_exception
    raise sqlalchemy_exception.with_traceback(exc_info[2]) from e
  File "C:\Users\navel\OneDrive\Desktop\DL_V1\apps\api\.venv\Lib\site-packages\sqlalchemy\engine\base.py", line 1969, in _exec_single_context
    self.dialect.do_execute(
    ~~~~~~~~~~~~~~~~~~~~~~~^
        cursor, str_statement, effective_parameters, context
        ^^^^^^^^^^^^^^^^^^^^^^^^^^^^^^^^^^^^^^^^^^^^^^^^^^^^
    )
    ^
  File "C:\Users\navel\OneDrive\Desktop\DL_V1\apps\api\.venv\Lib\site-packages\sqlalchemy\engine\default.py", line 952, in do_execute
    cursor.execute(statement, parameters)
    ~~~~~~~~~~~~~~^^^^^^^^^^^^^^^^^^^^^^^
  File "C:\Users\navel\OneDrive\Desktop\DL_V1\apps\api\.venv\Lib\site-packages\psycopg\cursor.py", line 117, in execute
    raise ex.with_traceback(None)
sqlalchemy.exc.ProgrammingError: (psycopg.errors.UndefinedColumn) column mentors.city does not exist
LINE 1: ...pany_name, mentors.designation, mentors.location, mentors.ci...
                                                             ^
[SQL: SELECT mentors.id, mentors.user_id, mentors.phone, mentors.bio, mentors.expertise, mentors.years_of_experience, mentors.company_name, mentors.designation, mentors.location, mentors.city, mentors.country, mentors.professional_headline, mentors.linkedin_url, mentors.github_url, mentors.headshot_url, mentors.industries, mentors.support_preferences, mentors.mentor_statement, mentors.status, mentors.created_at, mentors.updated_at, users.id AS id_1, users.email, users.full_name, users.role, users.status AS status_1, users.two_factor_enabled, users.two_factor_secret, users.two_factor_otp_code, users.two_factor_otp_expires_at, users.created_at AS created_at_1, users.updated_at AS updated_at_1, count(team_mentor_assignments.id) AS count_1 
FROM mentors JOIN users ON mentors.user_id = users.id LEFT OUTER JOIN team_mentor_assignments ON team_mentor_assignments.mentor_id = mentors.id AND team_mentor_assignments.status = %(status_2)s::VARCHAR GROUP BY mentors.id, users.id ORDER BY mentors.created_at DESC 
 LIMIT %(param_1)s::INTEGER OFFSET %(param_2)s::INTEGER]
[parameters: {'status_2': 'active', 'param_1': 50, 'param_2': 0}]
(Background on this error at: https://sqlalche.me/e/20/f405)
ERROR:    Exception in ASGI application
Traceback (most recent call last):
  File "C:\Users\navel\OneDrive\Desktop\DL_V1\apps\api\.venv\Lib\site-packages\sqlalchemy\engine\base.py", line 1969, in _exec_single_context
    self.dialect.do_execute(
    ~~~~~~~~~~~~~~~~~~~~~~~^
        cursor, str_statement, effective_parameters, context
        ^^^^^^^^^^^^^^^^^^^^^^^^^^^^^^^^^^^^^^^^^^^^^^^^^^^^
    )
    ^
  File "C:\Users\navel\OneDrive\Desktop\DL_V1\apps\api\.venv\Lib\site-packages\sqlalchemy\engine\default.py", line 952, in do_execute
    cursor.execute(statement, parameters)
    ~~~~~~~~~~~~~~^^^^^^^^^^^^^^^^^^^^^^^
  File "C:\Users\navel\OneDrive\Desktop\DL_V1\apps\api\.venv\Lib\site-packages\psycopg\cursor.py", line 117, in execute
    raise ex.with_traceback(None)
psycopg.errors.UndefinedColumn: column mentors.city does not exist
LINE 1: ...pany_name, mentors.designation, mentors.location, mentors.ci...
                                                             ^

The above exception was the direct cause of the following exception:

Traceback (most recent call last):
  File "C:\Users\navel\OneDrive\Desktop\DL_V1\apps\api\.venv\Lib\site-packages\uvicorn\protocols\http\httptools_impl.py", line 422, in run_asgi
    result = await app(  # type: ignore[func-returns-value]
             ^^^^^^^^^^^^^^^^^^^^^^^^^^^^^^^^^^^^^^^^^^^^^^
        self.scope, self.receive, self.send
        ^^^^^^^^^^^^^^^^^^^^^^^^^^^^^^^^^^^
    )
    ^
  File "C:\Users\navel\OneDrive\Desktop\DL_V1\apps\api\.venv\Lib\site-packages\uvicorn\middleware\proxy_headers.py", line 63, in __call__
    return await self.app(scope, receive, send)
           ^^^^^^^^^^^^^^^^^^^^^^^^^^^^^^^^^^^^
  File "C:\Users\navel\OneDrive\Desktop\DL_V1\apps\api\.venv\Lib\site-packages\fastapi\applications.py", line 1163, in __call__
    await super().__call__(scope, receive, send)
  File "C:\Users\navel\OneDrive\Desktop\DL_V1\apps\api\.venv\Lib\site-packages\starlette\applications.py", line 96, in __call__
    await self.middleware_stack(scope, receive, send)
  File "C:\Users\navel\OneDrive\Desktop\DL_V1\apps\api\.venv\Lib\site-packages\starlette\middleware\errors.py", line 186, in __call__
    raise exc
  File "C:\Users\navel\OneDrive\Desktop\DL_V1\apps\api\.venv\Lib\site-packages\starlette\middleware\errors.py", line 164, in __call__
    await self.app(scope, receive, _send)
  File "C:\Users\navel\OneDrive\Desktop\DL_V1\apps\api\.venv\Lib\site-packages\starlette\middleware\cors.py", line 96, in __call__
    await self.simple_response(scope, receive, send, request_headers=headers)
  File "C:\Users\navel\OneDrive\Desktop\DL_V1\apps\api\.venv\Lib\site-packages\starlette\middleware\cors.py", line 154, in simple_response
    await self.app(scope, receive, send)
  File "C:\Users\navel\OneDrive\Desktop\DL_V1\apps\api\.venv\Lib\site-packages\starlette\middleware\exceptions.py", line 63, in __call__
    await wrap_app_handling_exceptions(self.app, conn)(scope, receive, send)
  File "C:\Users\navel\OneDrive\Desktop\DL_V1\apps\api\.venv\Lib\site-packages\starlette\_exception_handler.py", line 53, in wrapped_app
    raise exc
  File "C:\Users\navel\OneDrive\Desktop\DL_V1\apps\api\.venv\Lib\site-packages\starlette\_exception_handler.py", line 42, in wrapped_app
    await app(scope, receive, sender)
  File "C:\Users\navel\OneDrive\Desktop\DL_V1\apps\api\.venv\Lib\site-packages\fastapi\middleware\asyncexitstack.py", line 18, in __call__
    await self.app(scope, receive, send)
  File "C:\Users\navel\OneDrive\Desktop\DL_V1\apps\api\.venv\Lib\site-packages\starlette\routing.py", line 670, in __call__
    await self.middleware_stack(scope, receive, send)
  File "C:\Users\navel\OneDrive\Desktop\DL_V1\apps\api\.venv\Lib\site-packages\fastapi\routing.py", line 2734, in app
    await route.handle(scope, receive, send)
  File "C:\Users\navel\OneDrive\Desktop\DL_V1\apps\api\.venv\Lib\site-packages\fastapi\routing.py", line 1780, in handle
    await self.original_router.handle(scope, receive, send)
  File "C:\Users\navel\OneDrive\Desktop\DL_V1\apps\api\.venv\Lib\site-packages\fastapi\routing.py", line 2789, in handle
    await included_router._handle_selected(scope, receive, send)
  File "C:\Users\navel\OneDrive\Desktop\DL_V1\apps\api\.venv\Lib\site-packages\fastapi\routing.py", line 1791, in _handle_selected
    await route.handle(scope, receive, send)
  File "C:\Users\navel\OneDrive\Desktop\DL_V1\apps\api\.venv\Lib\site-packages\fastapi\routing.py", line 1780, in handle
    await self.original_router.handle(scope, receive, send)
  File "C:\Users\navel\OneDrive\Desktop\DL_V1\apps\api\.venv\Lib\site-packages\fastapi\routing.py", line 2789, in handle
    await included_router._handle_selected(scope, receive, send)
  File "C:\Users\navel\OneDrive\Desktop\DL_V1\apps\api\.venv\Lib\site-packages\fastapi\routing.py", line 1800, in _handle_selected
    await original_route.handle(scope, receive, send)
  File "C:\Users\navel\OneDrive\Desktop\DL_V1\apps\api\.venv\Lib\site-packages\fastapi\routing.py", line 1279, in handle
    await app(scope, receive, send)
  File "C:\Users\navel\OneDrive\Desktop\DL_V1\apps\api\.venv\Lib\site-packages\fastapi\routing.py", line 158, in app
    await wrap_app_handling_exceptions(app, request)(scope, receive, send)
  File "C:\Users\navel\OneDrive\Desktop\DL_V1\apps\api\.venv\Lib\site-packages\starlette\_exception_handler.py", line 53, in wrapped_app
    raise exc
  File "C:\Users\navel\OneDrive\Desktop\DL_V1\apps\api\.venv\Lib\site-packages\starlette\_exception_handler.py", line 42, in wrapped_app
    await app(scope, receive, sender)
  File "C:\Users\navel\OneDrive\Desktop\DL_V1\apps\api\.venv\Lib\site-packages\fastapi\routing.py", line 144, in app
    response = await f(request)
               ^^^^^^^^^^^^^^^^
  File "C:\Users\navel\OneDrive\Desktop\DL_V1\apps\api\.venv\Lib\site-packages\fastapi\routing.py", line 706, in app
    raw_response = await run_endpoint_function(
                   ^^^^^^^^^^^^^^^^^^^^^^^^^^^^
    ...<3 lines>...
    )
    ^
  File "C:\Users\navel\OneDrive\Desktop\DL_V1\apps\api\.venv\Lib\site-packages\fastapi\routing.py", line 354, in run_endpoint_function
    return await run_in_threadpool(dependant.call, **values)
           ^^^^^^^^^^^^^^^^^^^^^^^^^^^^^^^^^^^^^^^^^^^^^^^^^
  File "C:\Users\navel\OneDrive\Desktop\DL_V1\apps\api\.venv\Lib\site-packages\starlette\concurrency.py", line 34, in run_in_threadpool
    return await anyio.to_thread.run_sync(func)
           ^^^^^^^^^^^^^^^^^^^^^^^^^^^^^^^^^^^^
  File "C:\Users\navel\OneDrive\Desktop\DL_V1\apps\api\.venv\Lib\site-packages\anyio\to_thread.py", line 65, in run_sync
    return await get_async_backend().run_sync_in_worker_thread(
           ^^^^^^^^^^^^^^^^^^^^^^^^^^^^^^^^^^^^^^^^^^^^^^^^^^^^
        func, args, abandon_on_cancel=abandon_on_cancel, limiter=limiter
        ^^^^^^^^^^^^^^^^^^^^^^^^^^^^^^^^^^^^^^^^^^^^^^^^^^^^^^^^^^^^^^^^
    )
    ^
  File "C:\Users\navel\OneDrive\Desktop\DL_V1\apps\api\.venv\Lib\site-packages\anyio\_backends\_asyncio.py", line 2706, in run_sync_in_worker_thread
    return await future
           ^^^^^^^^^^^^
  File "C:\Users\navel\OneDrive\Desktop\DL_V1\apps\api\.venv\Lib\site-packages\anyio\_backends\_asyncio.py", line 1100, in run
    result = context.run(func, *args)
  File "C:\Users\navel\OneDrive\Desktop\DL_V1\apps\api\app\api\routes\mentors.py", line 38, in get_mentors
    return service.get_all(
           ~~~~~~~~~~~~~~~^
        status=status_filter,
        ^^^^^^^^^^^^^^^^^^^^^
    ...<6 lines>...
        country=country,
        ^^^^^^^^^^^^^^^^
    )
    ^
  File "C:\Users\navel\OneDrive\Desktop\DL_V1\apps\api\app\services\mentor.py", line 86, in get_all
    rows = self.mentor_repo.get_all(
        status=status,
    ...<6 lines>...
        country=country,
    )
  File "C:\Users\navel\OneDrive\Desktop\DL_V1\apps\api\app\db\repositories\mentor.py", line 75, in get_all
    rows = list(self.db.execute(statement).all())
                ~~~~~~~~~~~~~~~^^^^^^^^^^^
  File "C:\Users\navel\OneDrive\Desktop\DL_V1\apps\api\.venv\Lib\site-packages\sqlalchemy\orm\session.py", line 2373, in execute
    return self._execute_internal(
           ~~~~~~~~~~~~~~~~~~~~~~^
        statement,
        ^^^^^^^^^^
    ...<4 lines>...
        _add_event=_add_event,
        ^^^^^^^^^^^^^^^^^^^^^^
    )
    ^
  File "C:\Users\navel\OneDrive\Desktop\DL_V1\apps\api\.venv\Lib\site-packages\sqlalchemy\orm\session.py", line 2271, in _execute_internal
    result: Result[Any] = compile_state_cls.orm_execute_statement(
                          ~~~~~~~~~~~~~~~~~~~~~~~~~~~~~~~~~~~~~~~^
        self,
        ^^^^^
    ...<4 lines>...
        conn,
        ^^^^^
    )
    ^
  File "C:\Users\navel\OneDrive\Desktop\DL_V1\apps\api\.venv\Lib\site-packages\sqlalchemy\orm\context.py", line 306, in orm_execute_statement
    result = conn.execute(
        statement, params or {}, execution_options=execution_options
    )
  File "C:\Users\navel\OneDrive\Desktop\DL_V1\apps\api\.venv\Lib\site-packages\sqlalchemy\engine\base.py", line 1421, in execute
    return meth(
        self,
        distilled_parameters,
        execution_options or NO_OPTIONS,
    )
  File "C:\Users\navel\OneDrive\Desktop\DL_V1\apps\api\.venv\Lib\site-packages\sqlalchemy\sql\elements.py", line 526, in _execute_on_connection
    return connection._execute_clauseelement(
           ~~~~~~~~~~~~~~~~~~~~~~~~~~~~~~~~~^
        self, distilled_params, execution_options
        ^^^^^^^^^^^^^^^^^^^^^^^^^^^^^^^^^^^^^^^^^
    )
    ^
  File "C:\Users\navel\OneDrive\Desktop\DL_V1\apps\api\.venv\Lib\site-packages\sqlalchemy\engine\base.py", line 1643, in _execute_clauseelement
    ret = self._execute_context(
        dialect,
    ...<8 lines>...
        cache_hit=cache_hit,
    )
  File "C:\Users\navel\OneDrive\Desktop\DL_V1\apps\api\.venv\Lib\site-packages\sqlalchemy\engine\base.py", line 1848, in _execute_context
    return self._exec_single_context(
           ~~~~~~~~~~~~~~~~~~~~~~~~~^
        dialect, context, statement, parameters
        ^^^^^^^^^^^^^^^^^^^^^^^^^^^^^^^^^^^^^^^
    )
    ^
  File "C:\Users\navel\OneDrive\Desktop\DL_V1\apps\api\.venv\Lib\site-packages\sqlalchemy\engine\base.py", line 1988, in _exec_single_context
    self._handle_dbapi_exception(
    ~~~~~~~~~~~~~~~~~~~~~~~~~~~~^
        e, str_statement, effective_parameters, cursor, context
        ^^^^^^^^^^^^^^^^^^^^^^^^^^^^^^^^^^^^^^^^^^^^^^^^^^^^^^^
    )
    ^
  File "C:\Users\navel\OneDrive\Desktop\DL_V1\apps\api\.venv\Lib\site-packages\sqlalchemy\engine\base.py", line 2365, in _handle_dbapi_exception
    raise sqlalchemy_exception.with_traceback(exc_info[2]) from e
  File "C:\Users\navel\OneDrive\Desktop\DL_V1\apps\api\.venv\Lib\site-packages\sqlalchemy\engine\base.py", line 1969, in _exec_single_context
    self.dialect.do_execute(
    ~~~~~~~~~~~~~~~~~~~~~~~^
        cursor, str_statement, effective_parameters, context
        ^^^^^^^^^^^^^^^^^^^^^^^^^^^^^^^^^^^^^^^^^^^^^^^^^^^^
    )
    ^
  File "C:\Users\navel\OneDrive\Desktop\DL_V1\apps\api\.venv\Lib\site-packages\sqlalchemy\engine\default.py", line 952, in do_execute
    cursor.execute(statement, parameters)
    ~~~~~~~~~~~~~~^^^^^^^^^^^^^^^^^^^^^^^
  File "C:\Users\navel\OneDrive\Desktop\DL_V1\apps\api\.venv\Lib\site-packages\psycopg\cursor.py", line 117, in execute
    raise ex.with_traceback(None)
sqlalchemy.exc.ProgrammingError: (psycopg.errors.UndefinedColumn) column mentors.city does not exist
LINE 1: ...pany_name, mentors.designation, mentors.location, mentors.ci...
                                                             ^
[SQL: SELECT mentors.id, mentors.user_id, mentors.phone, mentors.bio, mentors.expertise, mentors.years_of_experience, mentors.company_name, mentors.designation, mentors.location, mentors.city, mentors.country, mentors.professional_headline, mentors.linkedin_url, mentors.github_url, mentors.headshot_url, mentors.industries, mentors.support_preferences, mentors.mentor_statement, mentors.status, mentors.created_at, mentors.updated_at, users.id AS id_1, users.email, users.full_name, users.role, users.status AS status_1, users.two_factor_enabled, users.two_factor_secret, users.two_factor_otp_code, users.two_factor_otp_expires_at, users.created_at AS created_at_1, users.updated_at AS updated_at_1, count(team_mentor_assignments.id) AS count_1 
FROM mentors JOIN users ON mentors.user_id = users.id LEFT OUTER JOIN team_mentor_assignments ON team_mentor_assignments.mentor_id = mentors.id AND team_mentor_assignments.status = %(status_2)s::VARCHAR GROUP BY mentors.id, users.id ORDER BY mentors.created_at DESC 
 LIMIT %(param_1)s::INTEGER OFFSET %(param_2)s::INTEGER]
[parameters: {'status_2': 'active', 'param_1': 50, 'param_2': 0}]
(Background on this error at: https://sqlalche.me/e/20/f405)
